#-----------------------------------------------------------
# Vivado v2021.1 (64-bit)
# SW Build 3247384 on Thu Jun 10 19:36:33 MDT 2021
# IP Build 3246043 on Fri Jun 11 00:30:35 MDT 2021
# Start of session at: Tue Mar  1 15:02:26 2022
# Process ID: 17076
# Current directory: C:/Users/Xristos/Documents/GitHub/ICP_accelerator
# Command line: vivado.exe -gui_launcher_event rodinguilauncherevent14112 C:\Users\Xristos\Documents\GitHub\ICP_accelerator\ICP_accelerator.xpr
# Log file: C:/Users/Xristos/Documents/GitHub/ICP_accelerator/vivado.log
# Journal file: C:/Users/Xristos/Documents/GitHub/ICP_accelerator\vivado.jou
#-----------------------------------------------------------
start_gui
open_project C:/Users/Xristos/Documents/GitHub/ICP_accelerator/ICP_accelerator.xpr
update_compile_order -fileset sources_1
set_property SOURCE_SET sources_1 [get_filesets sim_1]
add_files -fileset sim_1 -norecurse C:/Users/Xristos/Documents/GitHub/ICP_accelerator/code/simulation/TOP_TB.vhd
update_compile_order -fileset sim_1
add_files -norecurse {C:/Users/Xristos/Documents/GitHub/ICP_accelerator/code/source/PADS_Jun2013.v C:/Users/Xristos/Documents/GitHub/ICP_accelerator/code/source/TOP_TOP.vhd}
update_compile_order -fileset sources_1
update_compile_order -fileset sources_1
update_compile_order -fileset sim_1
launch_simulation
open_wave_config C:/Users/Xristos/Documents/GitHub/ICP_accelerator/TB_Controller_behav.wcfg
source TB_Controller.tcl
relaunch_sim
run 7.05 us
relaunch_sim
set_property SOURCE_SET sources_1 [get_filesets sim_1]
add_files -fileset sim_1 -norecurse C:/Users/Xristos/Documents/GitHub/ICP_accelerator/code/simulation/TB_Controller.vhd
update_compile_order -fileset sim_1
save_wave_config {C:/Users/Xristos/Documents/GitHub/ICP_accelerator/TB_Controller_behav.wcfg}
set_property top TB_old [get_filesets sim_1]
set_property top_lib xil_defaultlib [get_filesets sim_1]
set_property generate_scripts_only 1 [current_fileset -simset]
update_compile_order -fileset sim_1
launch_simulation
launch_simulation
relaunch_sim
